// Jest Snapshot v1, https://goo.gl/fbAQLP

exports[`BaseContainer 1`] = `
[
  "__ROOT__",
  "3cdd4fd4-9f49-4747-b85d-2898759a880d",
  "89772ddd-2140-4ef6-b330-52d465f8cc78",
  "copy-db705261-7462-4c77-88e3-ac9c782534d1",
  "499bfd1e-e43b-4310-af32-c5d95b3f97d6",
  "918dddbf-a695-4760-b4ad-8dfd1b66571f",
  "5a2fe372-faa6-42ce-912e-992809a358e9",
  "copy-0026add6-8a2a-4e26-bc08-2c5d95443445",
  "f7905b48-9e01-407c-a41b-8a8bebfab920",
  "copy-44a87083-8392-499e-8c01-a7adbdaa9a34",
  "copy-78a9324b-773f-4cd4-9690-db995602e492",
]
`;

exports[`Container 1`] = `
{
  "aggregates": [
    {
      "commands": [
        {
          "category": undefined,
          "description": "",
          "event": {
            "name": "UntitledEvent",
            "properties": [],
            "uuid": "5a2fe372-faa6-42ce-912e-992809a358e9",
          },
          "eventSendable": false,
          "meta": {},
          "name": "Untitled",
          "properties": [
            {
              "access": "public",
              "description": "",
              "meta": {},
              "name": "untitled",
              "optional": undefined,
              "title": "未命名",
              "type": "String",
              "uuid": "dfe5dff7-2035-4363-9839-29ff4fd103cc",
            },
          ],
          "repository": "modify",
          "return": {
            "type": "void",
          },
          "rules": [
            {
              "description": "规则描述",
              "meta": {},
              "name": "Untitled1",
              "title": "未命名",
              "uuid": "f7905b48-9e01-407c-a41b-8a8bebfab920",
            },
            {
              "description": "规则描述",
              "meta": {},
              "name": "Untitled2",
              "title": "未命名",
              "uuid": "copy-44a87083-8392-499e-8c01-a7adbdaa9a34",
            },
          ],
          "source": [
            {
              "type": "http",
            },
            {
              "type": "rpc",
            },
          ],
          "title": "未命名",
          "uuid": "5a2fe372-faa6-42ce-912e-992809a358e9",
        },
      ],
      "description": "",
      "entities": [
        {
          "description": "",
          "id": {
            "access": "public",
            "description": "",
            "meta": {},
            "name": "untitled",
            "optional": undefined,
            "title": "未命名",
            "type": "[MyEnum:918dddbf-a695-4760-b4ad-8dfd1b66571f]",
            "uuid": "c1df59f2-5d44-41fd-80ff-fabfaab1d255",
          },
          "meta": {},
          "methods": [
            {
              "abstract": false,
              "access": "public",
              "description": "",
              "meta": {},
              "name": "untitled",
              "signature": {
                "description": "",
                "parameters": [],
                "return": {
                  "type": "void",
                },
              },
              "title": "",
              "uuid": "53afcda5-ad8e-45a0-887b-1a23620f2235",
            },
          ],
          "name": "Untitled2",
          "properties": [],
          "title": "未命名",
          "uuid": "copy-db705261-7462-4c77-88e3-ac9c782534d1",
        },
      ],
      "enums": [
        {
          "baseType": "number",
          "description": "",
          "members": [
            {
              "code": 0,
              "description": "",
              "meta": {},
              "name": "UNTITLED",
              "title": "",
              "uuid": "39f48e70-09bf-4f53-93b4-04a550a6e286",
            },
          ],
          "meta": {},
          "name": "MyEnum",
          "title": "未命名",
          "uuid": "918dddbf-a695-4760-b4ad-8dfd1b66571f",
        },
      ],
      "meta": {},
      "name": "Untitled",
      "root": {
        "description": "",
        "id": {
          "access": "public",
          "description": "",
          "meta": {},
          "name": "untitled",
          "optional": undefined,
          "title": "未命名",
          "type": "String",
          "uuid": "0c9ad68c-19de-459e-be69-57d2c07c6dfa",
        },
        "meta": {},
        "methods": [
          {
            "abstract": false,
            "access": "public",
            "description": "",
            "meta": {},
            "name": "untitled",
            "signature": {
              "description": "",
              "parameters": [],
              "return": {
                "type": "void",
              },
            },
            "title": "",
            "uuid": "f1559572-9a47-43a7-8df7-c2a690c1e57b",
          },
        ],
        "name": "Untitled",
        "properties": [],
        "title": "未命名",
        "uuid": "499bfd1e-e43b-4310-af32-c5d95b3f97d6",
      },
      "title": "未命名",
      "uuid": "3cdd4fd4-9f49-4747-b85d-2898759a880d",
      "valueObjects": [
        {
          "description": "",
          "meta": {},
          "methods": [],
          "name": "ValueObject",
          "properties": [
            {
              "access": "public",
              "description": "",
              "meta": {},
              "name": "untitled",
              "optional": undefined,
              "title": "未命名",
              "type": "String",
              "uuid": "e6b0f980-ca73-4af9-956e-bec51d1b66cc",
            },
          ],
          "title": "未命名",
          "uuid": "89772ddd-2140-4ef6-b330-52d465f8cc78",
        },
      ],
    },
  ],
}
`;

exports[`real data 1`] = `
{
  "aggregates": [
    {
      "commands": [
        {
          "category": "accountCreate",
          "description": "",
          "event": {
            "name": "AccountCreateEvent",
            "properties": [
              {
                "access": "public",
                "description": "",
                "meta": {},
                "name": "id",
                "optional": undefined,
                "title": "用户 ID",
                "type": "Long",
                "uuid": "73c5cac7-6eb6-4992-a766-1fab956d09c1",
              },
            ],
            "uuid": "8ac97df7-8787-4bf7-ad24-9add13f83d60",
          },
          "eventSendable": false,
          "meta": {},
          "name": "AccountCreate",
          "properties": [
            {
              "access": "public",
              "description": "",
              "meta": {},
              "name": "userName",
              "optional": undefined,
              "title": "用户名",
              "type": "String",
              "uuid": "8d7cb88a-772b-42f7-8976-f9136c1aec0b",
            },
            {
              "access": "public",
              "description": "用户登录的唯一标识，目前以用户邮箱作为账号",
              "meta": {},
              "name": "accountNo",
              "optional": undefined,
              "title": "账号",
              "type": "String",
              "uuid": "af98c133-5b16-456c-a93a-eda0774cba66",
            },
            {
              "access": "public",
              "description": "",
              "meta": {},
              "name": "password",
              "optional": undefined,
              "title": "密码",
              "type": "String",
              "uuid": "fd97955a-7ce9-4bec-9f24-d5f9beeb3deb",
            },
            {
              "access": "public",
              "description": "",
              "meta": {},
              "name": "icon",
              "optional": undefined,
              "title": "用户头像",
              "type": "String",
              "uuid": "efafd439-d4d3-41b0-8a24-1be29626e342",
            },
          ],
          "repository": "create",
          "return": {
            "type": "void",
          },
          "rules": [
            {
              "description": "邮箱为用户唯一标识，同一个邮箱不可重复注册",
              "meta": {},
              "name": "IsAccountExistsOrError",
              "title": "账号唯一",
              "uuid": "08fc390a-3f53-4a7c-b6e1-6e2470234722",
            },
          ],
          "source": [
            {
              "type": "http",
            },
            {
              "type": "rpc",
            },
          ],
          "title": "创建账号",
          "uuid": "8ac97df7-8787-4bf7-ad24-9add13f83d60",
        },
        {
          "category": "accountModify",
          "description": "",
          "event": {
            "name": "AccountModifyEvent",
            "properties": [],
            "uuid": "0895f138-6bc4-4fcc-900b-4db30c7f796a",
          },
          "eventSendable": false,
          "meta": {},
          "name": "AccountModify",
          "properties": [
            {
              "access": "public",
              "description": "",
              "meta": {},
              "name": "id",
              "optional": undefined,
              "title": "用户 ID",
              "type": "Long",
              "uuid": "0e8a3a94-7eec-485c-a7a5-d8570f216a01",
            },
            {
              "access": "public",
              "description": "",
              "meta": {},
              "name": "description",
              "optional": undefined,
              "title": "描述",
              "type": "String",
              "uuid": "a7fb242d-b377-4e94-99a9-1e8574851f90",
            },
            {
              "access": "public",
              "description": "",
              "meta": {},
              "name": "userName",
              "optional": undefined,
              "title": "用户名",
              "type": "String",
              "uuid": "f5834929-7d85-4928-ae5d-1f6c1551db6a",
            },
            {
              "access": "public",
              "description": "用户登录的唯一标识，目前以用户邮箱作为账号",
              "meta": {},
              "name": "accountNo",
              "optional": undefined,
              "title": "账号",
              "type": "String",
              "uuid": "a3c9f879-d662-4ce8-a479-08288e01af22",
            },
            {
              "access": "public",
              "description": "",
              "meta": {},
              "name": "newPassword",
              "optional": undefined,
              "title": "密码",
              "type": "String",
              "uuid": "1b8a2662-b206-4d18-a27a-d04bafbf11ba",
            },
            {
              "access": "public",
              "description": "",
              "meta": {},
              "name": "icon",
              "optional": undefined,
              "title": "用户头像",
              "type": "String",
              "uuid": "a200e2ad-e335-4c5c-bcb7-955af55dbd70",
            },
          ],
          "repository": "modify",
          "return": {
            "type": "void",
          },
          "rules": [
            {
              "description": "邮箱为用户唯一标识，同一个邮箱不可重复注册",
              "meta": {},
              "name": "IsAccountExistsOrError",
              "title": "账号唯一",
              "uuid": "copy-d1c693ff-ea36-4210-981a-5e23e48320ac",
            },
          ],
          "source": [
            {
              "type": "http",
            },
            {
              "type": "rpc",
            },
          ],
          "title": "更新账号基本信息",
          "uuid": "0895f138-6bc4-4fcc-900b-4db30c7f796a",
        },
        {
          "category": "accountRemove",
          "description": "",
          "event": {
            "name": "AccountDeleteEvent",
            "properties": [],
            "uuid": "90ce402a-d39b-49e2-a229-36fa7b3cf6fc",
          },
          "eventSendable": false,
          "meta": {},
          "name": "AccountDelete",
          "properties": [
            {
              "access": "public",
              "description": "",
              "meta": {},
              "name": "id",
              "optional": undefined,
              "title": "用户 ID",
              "type": "Long",
              "uuid": "b8d8f2ed-bd60-4917-8127-8283717ce1b9",
            },
          ],
          "repository": "remove",
          "return": {
            "type": "void",
          },
          "rules": [
            {
              "description": "不能删除系统管理员账号",
              "meta": {},
              "name": "CheckSystemAdmin",
              "title": "不能删除系统管理员账号",
              "uuid": "714d6afe-c758-452d-83cd-abb02cde2e03",
            },
          ],
          "source": [
            {
              "type": "http",
            },
            {
              "type": "rpc",
            },
          ],
          "title": "删除账号",
          "uuid": "90ce402a-d39b-49e2-a229-36fa7b3cf6fc",
        },
        {
          "category": "accountPasswordResetSendEmail",
          "description": "",
          "event": {
            "name": "AccountEmailSendEvent",
            "properties": [],
            "uuid": "2221e012-63d9-4b14-987b-26d960829172",
          },
          "eventSendable": false,
          "meta": {},
          "name": "AccountEmailSend",
          "properties": [
            {
              "access": "public",
              "description": "",
              "meta": {},
              "name": "id",
              "optional": undefined,
              "title": "用户 ID",
              "type": "Long",
              "uuid": "60daee34-cf2e-489f-93f5-0ac4530fe304",
            },
            {
              "access": "public",
              "description": "",
              "meta": {},
              "name": "userName",
              "optional": undefined,
              "title": "用户名",
              "type": "String",
              "uuid": "066ae788-7010-48a1-b8e2-2aaf1651ebc8",
            },
            {
              "access": "public",
              "description": "用户登录的唯一标识，目前以用户邮箱作为账号",
              "meta": {},
              "name": "accountNo",
              "optional": undefined,
              "title": "账号",
              "type": "String",
              "uuid": "90af3419-ebda-4104-b527-ca34b6df0dac",
            },
            {
              "access": "public",
              "description": "",
              "meta": {},
              "name": "newPassword",
              "optional": undefined,
              "title": "密码",
              "type": "String",
              "uuid": "a9907256-809e-42c9-b232-89b89e0187bf",
            },
            {
              "access": "public",
              "description": "",
              "meta": {},
              "name": "icon",
              "optional": undefined,
              "title": "用户头像",
              "type": "String",
              "uuid": "66bb91ff-12b8-4aff-9be7-0b43a4e2a29e",
            },
            {
              "access": "public",
              "description": "",
              "meta": {},
              "name": "description",
              "optional": undefined,
              "title": "描述",
              "type": "String",
              "uuid": "770b0550-361c-4cd0-b6f4-21ccbd16c042",
            },
            {
              "access": "public",
              "description": "用户登录的唯一标识，目前以用户邮箱作为账号",
              "meta": {},
              "name": "account",
              "optional": undefined,
              "title": "账号标识",
              "type": "String",
              "uuid": "d8ed9f6e-85d2-4701-b68a-8985eee36613",
            },
          ],
          "repository": "modify",
          "return": {
            "type": "void",
          },
          "rules": [
            {
              "description": "更新重置账号uuid",
              "meta": {},
              "name": "UpdateAccountRetPass",
              "title": "更新重置账号uuid",
              "uuid": "a071bf13-5df5-497f-9b0e-6801cc1667ec",
            },
          ],
          "source": [
            {
              "type": "http",
            },
            {
              "type": "rpc",
            },
          ],
          "title": "发送重置密码邮件",
          "uuid": "2221e012-63d9-4b14-987b-26d960829172",
        },
        {
          "category": "login",
          "description": "",
          "event": {
            "name": "AccountLoginEvent",
            "properties": [],
            "uuid": "0cfa988c-f068-4b21-b8fc-49a1e2976c10",
          },
          "eventSendable": false,
          "meta": {},
          "name": "AccountLogin",
          "properties": [
            {
              "access": "public",
              "description": "用户登录的唯一标识，目前以用户邮箱作为账号",
              "meta": {},
              "name": "accountNo",
              "optional": undefined,
              "title": "账号",
              "type": "String",
              "uuid": "f5d99d5e-7cc6-4cc3-b499-d28ed3c00907",
            },
            {
              "access": "public",
              "description": "",
              "meta": {},
              "name": "password",
              "optional": undefined,
              "title": "密码",
              "type": "String",
              "uuid": "52275032-eec3-4a9f-ba4b-a6b91222219a",
            },
          ],
          "repository": "modify",
          "return": {
            "type": "void",
          },
          "rules": [
            {
              "description": "验证账号密码是否正确",
              "meta": {},
              "name": "CheckLoginPass",
              "title": "账号密码正确",
              "uuid": "22409dbd-654a-4677-a101-52a37e056cba",
            },
          ],
          "source": [
            {
              "type": "http",
            },
            {
              "type": "rpc",
            },
          ],
          "title": "账号登录",
          "uuid": "0cfa988c-f068-4b21-b8fc-49a1e2976c10",
        },
        {
          "category": "accountPasswordReset",
          "description": "",
          "event": {
            "name": "AccountPasswordResetEvent",
            "properties": [],
            "uuid": "82bfac24-4223-4d1e-8c5f-49d677eb5100",
          },
          "eventSendable": false,
          "meta": {},
          "name": "AccountPasswordReset",
          "properties": [
            {
              "access": "public",
              "description": "用户重置密码时携带的唯一标识",
              "meta": {},
              "name": "uuid",
              "optional": undefined,
              "title": "重置密码唯一标识",
              "type": "String",
              "uuid": "7e2a1e8b-5d86-4e0c-af81-11aaca60bd19",
            },
            {
              "access": "public",
              "description": "用户登录的唯一标识，目前以用户邮箱作为账号",
              "meta": {},
              "name": "accountNo",
              "optional": undefined,
              "title": "账号",
              "type": "String",
              "uuid": "ad00d894-50bc-467d-bd1b-d1a7cde635ea",
            },
            {
              "access": "public",
              "description": "",
              "meta": {},
              "name": "newPassword",
              "optional": undefined,
              "title": "密码",
              "type": "String",
              "uuid": "9a18e055-f601-4d78-8cb5-cfc00b50b2fd",
            },
          ],
          "repository": "modify",
          "return": {
            "type": "void",
          },
          "rules": [],
          "source": [
            {
              "type": "http",
            },
            {
              "type": "rpc",
            },
          ],
          "title": "重置用户密码",
          "uuid": "82bfac24-4223-4d1e-8c5f-49d677eb5100",
        },
        {
          "category": "accountPasswordUpdate",
          "description": "",
          "event": {
            "name": "AccountPasswordUpdateEvent",
            "properties": [],
            "uuid": "78531f9d-99cb-4f32-a733-a001fff2267e",
          },
          "eventSendable": false,
          "meta": {},
          "name": "AccountPasswordUpdate",
          "properties": [
            {
              "access": "public",
              "description": "",
              "meta": {},
              "name": "id",
              "optional": undefined,
              "title": "主键",
              "type": "Long",
              "uuid": "6ff27f30-06a5-4946-af1c-7b01d94aeb99",
            },
            {
              "access": "public",
              "description": "",
              "meta": {},
              "name": "oldPassword",
              "optional": undefined,
              "title": "旧密码",
              "type": "String",
              "uuid": "0dde1ebb-b94d-486f-b8c4-dcc525c89e4b",
            },
            {
              "access": "public",
              "description": "",
              "meta": {},
              "name": "newPassword",
              "optional": undefined,
              "title": "新密码",
              "type": "String",
              "uuid": "19ef3649-7a4c-4718-8631-8153a457d29d",
            },
          ],
          "repository": "modify",
          "return": {
            "type": "void",
          },
          "rules": [
            {
              "description": "验证账号密码是否正确",
              "meta": {},
              "name": "CheckLoginPass",
              "title": "账号密码正确",
              "uuid": "copy-4aeb7cb2-266b-412b-b016-a52654945da3",
            },
          ],
          "source": [
            {
              "type": "http",
            },
            {
              "type": "rpc",
            },
          ],
          "title": "修改用户密码",
          "uuid": "78531f9d-99cb-4f32-a733-a001fff2267e",
        },
      ],
      "description": "用户的唯一标识，用于平台登录",
      "entities": [],
      "enums": [],
      "meta": {},
      "name": "Account",
      "root": {
        "description": "用户的唯一标识，用于平台登录",
        "id": {
          "access": "public",
          "description": "",
          "meta": {},
          "name": "id",
          "optional": undefined,
          "title": "用户 ID",
          "type": "Long",
          "uuid": "79e264c8-c108-4595-936b-2f45a38352e0",
        },
        "meta": {},
        "methods": [
          {
            "abstract": true,
            "access": "public",
            "description": "",
            "meta": {},
            "name": "checkLoginPass",
            "signature": {
              "description": "",
              "parameters": [
                {
                  "description": "",
                  "meta": {},
                  "name": "password",
                  "optional": undefined,
                  "title": "密码",
                  "type": "String",
                  "uuid": "5d8705c6-5024-4353-b6ce-f9c4850bb958",
                },
              ],
              "return": {
                "type": "void",
              },
            },
            "title": "验证密码是否正确",
            "uuid": "1be32e15-1133-4ede-9655-a04fdce42c24",
          },
          {
            "abstract": true,
            "access": "public",
            "description": "",
            "meta": {},
            "name": "checkUuidPass",
            "signature": {
              "description": "",
              "parameters": [
                {
                  "description": "",
                  "meta": {},
                  "name": "uuid",
                  "optional": undefined,
                  "title": "重置密码唯一标识",
                  "type": "String",
                  "uuid": "c29cda36-de86-468b-85f7-245c2f0f780f",
                },
              ],
              "return": {
                "type": "void",
              },
            },
            "title": "验证重置密码唯一标识是否正确",
            "uuid": "11e12ff2-ed73-4342-a3a4-ce4b741701db",
          },
        ],
        "name": "Account",
        "properties": [
          {
            "access": "public",
            "description": "用户登录的唯一标识，目前以用户邮箱作为账号",
            "meta": {},
            "name": "accountNo",
            "optional": undefined,
            "title": "账号",
            "type": "String",
            "uuid": "49e2bcce-d2ab-4880-835e-e8b188904fe7",
          },
          {
            "access": "public",
            "description": "",
            "meta": {},
            "name": "userName",
            "optional": undefined,
            "title": "用户名",
            "type": "String",
            "uuid": "5926303c-db8d-46d3-8037-cd86fcaa78c7",
          },
          {
            "access": "public",
            "description": "",
            "meta": {},
            "name": "password",
            "optional": undefined,
            "title": "密码",
            "type": "String",
            "uuid": "375be4f9-4118-44e2-b17f-5d82b8efc132",
          },
          {
            "access": "public",
            "description": "",
            "meta": {},
            "name": "icon",
            "optional": undefined,
            "title": "用户头像",
            "type": "String",
            "uuid": "1ffeec78-9055-49af-ba94-221c5d0d3f19",
          },
          {
            "access": "public",
            "description": "",
            "meta": {},
            "name": "description",
            "optional": undefined,
            "title": "描述",
            "type": "String",
            "uuid": "b9b551fb-e182-4c7d-a59b-5da2baec40a8",
          },
          {
            "access": "public",
            "description": "用户重置密码时携带的唯一标识",
            "meta": {},
            "name": "uuid",
            "optional": undefined,
            "title": "重置密码唯一标识",
            "type": "String",
            "uuid": "3a053b69-92c7-4c0b-84b2-07c521f882fc",
          },
        ],
        "title": "账号",
        "uuid": "32dc3ed3-05e5-4e0a-a976-aab05aa9e603",
      },
      "title": "账号",
      "uuid": "8f096b0c-ce91-4040-9df5-32d56c321bd0",
      "valueObjects": [],
    },
    {
      "commands": [
        {
          "category": "verificationCreate",
          "description": "",
          "event": {
            "name": "AccountVerificationCreateEvent",
            "properties": [],
            "uuid": "0074ca2c-9eac-4ac3-90fb-0e619574e28b",
          },
          "eventSendable": false,
          "meta": {},
          "name": "AccountVerificationCreate",
          "properties": [
            {
              "access": "public",
              "description": "",
              "meta": {},
              "name": "code",
              "optional": undefined,
              "title": "验证码",
              "type": "String",
              "uuid": "e71ff599-4a75-4cf1-ad03-dfce12729d40",
            },
            {
              "access": "public",
              "description": "用户登录的唯一标识，目前以用户邮箱作为账号",
              "meta": {},
              "name": "accountNo",
              "optional": undefined,
              "title": "账号标识",
              "type": "String",
              "uuid": "36cfb4df-db1d-4cf7-a24a-a4425f9be940",
            },
          ],
          "repository": "create",
          "return": {
            "type": "void",
          },
          "rules": [
            {
              "description": "校验账号唯一标识是否存在",
              "meta": {},
              "name": "IsAccountExistsOrError",
              "title": "校验账号唯一标识是否存在",
              "uuid": "7a55b184-0f4c-4241-ae9d-66a3ebe0b7fd",
            },
          ],
          "source": [
            {
              "type": "http",
            },
            {
              "type": "rpc",
            },
          ],
          "title": "创建验证码",
          "uuid": "0074ca2c-9eac-4ac3-90fb-0e619574e28b",
        },
        {
          "category": "verificationUpdate",
          "description": "",
          "event": {
            "name": "AccountVerificationUpdateEvent",
            "properties": [],
            "uuid": "494774a0-5af9-44af-ad61-f1e647638fa4",
          },
          "eventSendable": false,
          "meta": {},
          "name": "AccountVerificationUpdate",
          "properties": [
            {
              "access": "public",
              "description": "",
              "meta": {},
              "name": "id",
              "optional": undefined,
              "title": "主键",
              "type": "Long",
              "uuid": "bf95005a-d1ae-40f9-8f3f-a8160f1f9601",
            },
            {
              "access": "public",
              "description": "",
              "meta": {},
              "name": "code",
              "optional": undefined,
              "title": "验证码",
              "type": "String",
              "uuid": "d88c2d00-2206-411a-9923-8d46ce2aabbe",
            },
          ],
          "repository": "modify",
          "return": {
            "type": "void",
          },
          "rules": [],
          "source": [
            {
              "type": "http",
            },
            {
              "type": "rpc",
            },
          ],
          "title": "更新验证码",
          "uuid": "494774a0-5af9-44af-ad61-f1e647638fa4",
        },
      ],
      "description": "账号进行邮箱验证操作时，需要使用验证码进行验证",
      "entities": [],
      "enums": [],
      "meta": {},
      "name": "AccountVerification",
      "root": {
        "description": "账号进行邮箱验证操作时，需要使用验证码进行验证",
        "id": {
          "access": "public",
          "description": "",
          "meta": {},
          "name": "id",
          "optional": undefined,
          "title": "实体唯一标识符",
          "type": "Long",
          "uuid": "5055849c-99da-4150-9021-7079dbb1b18f",
        },
        "meta": {},
        "methods": [],
        "name": "AccountVerification",
        "properties": [
          {
            "access": "public",
            "description": "",
            "meta": {},
            "name": "code",
            "optional": undefined,
            "title": "验证码",
            "type": "String",
            "uuid": "8e45f37e-5e50-4d1c-9f0a-28f15c340ebd",
          },
          {
            "access": "public",
            "description": "用户登录的唯一标识，目前以用户邮箱作为账号",
            "meta": {},
            "name": "accountNo",
            "optional": undefined,
            "title": "账号标识",
            "type": "String",
            "uuid": "9766036e-48cf-47f6-ba29-2a7609253479",
          },
        ],
        "title": "账号验证码",
        "uuid": "04c161af-e83d-484a-b47d-0b27aa06f7c0",
      },
      "title": "账号验证码",
      "uuid": "ecc60aa4-b8d4-4386-9ee8-5c66dc936105",
      "valueObjects": [],
    },
  ],
}
`;
