// Jest Snapshot v1, https://goo.gl/fbAQLP

exports[`transform 1`] = `
[
  {
    "description": "",
    "indexes": [],
    "meta": [],
    "name": "User",
    "properties": [
      {
        "description": "",
        "meta": [],
        "name": "id",
        "notNull": true,
        "primaryKey": true,
        "propertyName": undefined,
        "title": "用户唯一id",
        "type": {
          "autoIncrement": false,
          "defaultValue": undefined,
          "type": "Long",
        },
        "uuid": "uuid-2",
      },
      {
        "description": "",
        "meta": [],
        "name": "name",
        "notNull": false,
        "primaryKey": false,
        "propertyName": undefined,
        "title": "用户名",
        "type": {
          "defaultValue": undefined,
          "length": undefined,
          "type": "String",
        },
        "uuid": "uuid-3",
      },
    ],
    "tableName": undefined,
    "title": "用户",
    "uuid": "uuid-0",
  },
  {
    "description": "",
    "indexes": [],
    "meta": [],
    "name": "Asset",
    "properties": [
      {
        "description": "",
        "meta": [],
        "name": "id",
        "notNull": true,
        "primaryKey": true,
        "propertyName": undefined,
        "title": "唯一id",
        "type": {
          "autoIncrement": false,
          "defaultValue": undefined,
          "type": "Long",
        },
        "uuid": "uuid-6",
      },
      {
        "description": "",
        "meta": [],
        "name": "name",
        "notNull": false,
        "primaryKey": false,
        "propertyName": undefined,
        "title": "资产名称",
        "type": {
          "defaultValue": undefined,
          "length": undefined,
          "type": "String",
        },
        "uuid": "uuid-7",
      },
      {
        "description": "",
        "meta": [],
        "name": "value",
        "notNull": false,
        "primaryKey": false,
        "propertyName": undefined,
        "title": "资产价值",
        "type": {
          "defaultValue": undefined,
          "precision": undefined,
          "scale": undefined,
          "type": "Decimal",
        },
        "uuid": "uuid-8",
      },
      {
        "description": "",
        "meta": [],
        "name": "userId",
        "notNull": false,
        "primaryKey": false,
        "propertyName": undefined,
        "title": "用户引用",
        "type": {
          "cardinality": "OneToMany",
          "target": "uuid-0",
          "targetProperty": "uuid-2",
          "type": "Reference",
        },
        "uuid": "uuid-9",
      },
    ],
    "tableName": undefined,
    "title": "资产",
    "uuid": "uuid-4",
  },
]
`;
